// Jest Snapshot v1, https://goo.gl/fbAQLP

exports[`Hero component renders correctly 1`] = `
"<section class=\\"hero-wrapper mb-lg\\">
  <div class=\\"hero-wrapper hero-wrapper__content\\">
    <h1 id=\\"mainTitle\\">
      In Wonderland of Programming
    </h1>
    <div class=\\"hero_wrapper hero-wrapper__hero\\"></div>
    <div class=\\"hero-wrapper__decor-container\\"></div>
  </div>
</section>"
`;
